python : E
At line:1 char:1
+ python -m unittest 
tests/test_options_ex
ecution.py > 
test_output.txt  ...
+ ~~~~~~~~~~~~~~~~~~~
~~~~~~~~~~~~~~~~~~~~~
~~~~~~~~~~~~~~~~~~~~~
~~~~~~~~
    + CategoryInfo   
           : NotSpe  
  cified: (E:Strin   
 g) [], RemoteExc    
eption
    + FullyQualified 
   ErrorId : Native  
  CommandError
 
=====================
=====================
=====================
=======
ERROR: 
test_options_sizing (
tests.test_options_ex
ecution.TestOptionsEx
ecution.test_options_
sizing)
---------------------
---------------------
---------------------
-------
Traceback (most 
recent call last):
  File 
"C:\Users\Darrin Voge
li\AppData\Local\Prog
rams\Python\Python313
\Lib\asyncio\runners.
py", line 118, in run
    return self._loop
.run_until_complete(t
ask)
           ~~~~~~~~~~
~~~~~~~~~~~~~~~~~~~^^
^^^^
  File 
"C:\Users\Darrin Voge
li\AppData\Local\Prog
rams\Python\Python313
\Lib\asyncio\base_eve
nts.py", line 719, 
in run_until_complete
    return 
future.result()
           
~~~~~~~~~~~~~^^
  File 
"C:\Users\Darrin Voge
li\FINAL_GNOSIS\tests
\test_options_executi
on.py", line 15, in 
test_options_sizing
    bot = UnifiedTrad
ingBot(config, 
enable_trading=True, 
paper_mode=True)
  File 
"C:\Users\Darrin Voge
li\FINAL_GNOSIS\gnosi
s\unified_trading_bot
.py", line 62, in 
__init__
    self.adapter = Al
pacaBrokerAdapter(pap
er=paper_mode)
                   ~~
~~~~~~~~~~~~~~~~~^^^^
^^^^^^^^^^^^^^
  File 
"C:\Users\Darrin Voge
li\FINAL_GNOSIS\execu
tion\broker_adapters\
alpaca_adapter.py", 
line 79, in __init__
    raise 
ValueError("Alpaca 
credentials not 
found in 
environment. Set 
ALPACA_API_KEY and 
ALPACA_SECRET_KEY.")
ValueError: Alpaca 
credentials not 
found in 
environment. Set 
ALPACA_API_KEY and 
ALPACA_SECRET_KEY.

---------------------
---------------------
---------------------
-------
Ran 1 test in 0.015s

FAILED (errors=1)
